// Vitest Snapshot v1, https://vitest.dev/guide/snapshot.html

exports[`UploadFilesController > GET /upload > should return response with html body 1`] = `"<!doctype html><html lang="en"><head><meta charset="UTF-8"/><meta name="viewport" content="width=device-width, initial-scale=1.0"/><title>Upload your files</title></head><body><h1>Upload</h1><form id="form" hx-post="/upload" hx-encoding="multipart/form-data" hx-target="#upload-response" hx-swap="afterend"><label htmlFor="file" name="file">Upload a git log file</label><input type="file" name="file"/><button>Upload</button></form><div id="upload-response"></div></body><script defer src="https://cdn.jsdelivr.net/npm/htmx.org@2.0.6/dist/htmx.min.js" integrity="sha384-Akqfrbj/HpNVo8k11SXBb6TlBWmXXlYQrCSqEWmyKJe+hDm3Z/B2WVG4smwBkRVm" crossorigin="anonymous"></script></html>"`;
